# command: python separate.py --kmax 2 --census 4
# cwd: computations/separating_words
# launched: cmd /c start "" /belownormal /wait /b cmd /c <batch file>; the exit code below is the batch file's %ERRORLEVEL% after python, because start /wait returns 0 regardless
# date: start 2026-09-14T10:20:58-04:00, end 2026-09-14T10:21:01-04:00
# git commit: fc43c5687e3212e8cecd26a540fb1f097abc31ed (no uncommitted changes to computations/separating_words/*.py)
# python: 3.14.3   numpy: 1.26.3   (C:\Python314\python.exe)
# machine: AMD Ryzen 7 7840HS w/ Radeon 780M Graphics, 27.8 GiB RAM, Microsoft Windows 11 Pro 10.0.26200
# free RAM at start: 12.13 GiB
# peak memory: 0.01 GiB (PeakWorkingSet64 of the python process, sampled every 1 s; priority class seen: BelowNormal)
# wall time: 2.3 s (includes interpreter start and imports)
# exit code: 0
#
8 pairs of length 4 that no <= 2-state DFA separates:
  0001 / 0111
  0001 / 1101
  0010 / 1000
  0010 / 1110
  0101 / 1001
  0110 / 1010
  0111 / 1101
  1000 / 1110

# command: python separate.py --kmax 3 --census 10
# cwd: computations/separating_words
# launched: cmd /c start "" /belownormal /wait /b cmd /c <batch file>; the exit code below is the batch file's %ERRORLEVEL% after python, because start /wait returns 0 regardless
# date: start 2026-09-14T10:21:36-04:00, end 2026-09-14T10:21:38-04:00
# git commit: fc43c5687e3212e8cecd26a540fb1f097abc31ed (no uncommitted changes to computations/separating_words/*.py)
# python: 3.14.3   numpy: 1.26.3   (C:\Python314\python.exe)
# machine: AMD Ryzen 7 7840HS w/ Radeon 780M Graphics, 27.8 GiB RAM, Microsoft Windows 11 Pro 10.0.26200
# free RAM at start: 11.63 GiB
# peak memory: 0.02 GiB (PeakWorkingSet64 of the python process, sampled every 1 s; priority class seen: BelowNormal)
# wall time: 1.3 s (includes interpreter start and imports)
# exit code: 0
#
4 pairs of length 10 that no <= 3-state DFA separates:
  0000000011 / 0011111111
  0000000100 / 0100000000
  1011111111 / 1111111011
  1100000000 / 1111111100

# command: python separate.py --kmax 4 --census 18
# cwd: computations/separating_words
# launched: cmd /c start "" /belownormal /wait /b cmd /c <batch file>; the exit code below is the batch file's %ERRORLEVEL% after python, because start /wait returns 0 regardless
# date: start 2026-09-14T10:21:41-04:00, end 2026-09-14T10:21:44-04:00
# git commit: fc43c5687e3212e8cecd26a540fb1f097abc31ed (no uncommitted changes to computations/separating_words/*.py)
# python: 3.14.3   numpy: 1.26.3   (C:\Python314\python.exe)
# machine: AMD Ryzen 7 7840HS w/ Radeon 780M Graphics, 27.8 GiB RAM, Microsoft Windows 11 Pro 10.0.26200
# free RAM at start: 12.17 GiB
# peak memory: 0.04 GiB (PeakWorkingSet64 of the python process, sampled every 1 s; priority class seen: BelowNormal)
# wall time: 2.3 s (includes interpreter start and imports)
# exit code: 0
#
4 pairs of length 18 that no <= 4-state DFA separates:
  000000000000000111 / 000111111111111111
  000000000000001000 / 001000000000000000
  110111111111111111 / 111111111111110111
  111000000000000000 / 111111111111111000
