# command: python separate.py --nmax 22 --kmax 5 --seed 7
# cwd: computations/separating_words
# launched: cmd /c start "" /belownormal /wait /b cmd /c <batch file>; the exit code below is the batch file's %ERRORLEVEL% after python, because start /wait returns 0 regardless
# date: start 2026-09-14T10:33:18-04:00, end 2026-09-14T10:33:27-04:00
# git commit: fc43c5687e3212e8cecd26a540fb1f097abc31ed (no uncommitted changes to computations/separating_words/*.py)
# python: 3.14.3   numpy: 1.26.3   (C:\Python314\python.exe)
# machine: AMD Ryzen 7 7840HS w/ Radeon 780M Graphics, 27.8 GiB RAM, Microsoft Windows 11 Pro 10.0.26200
# free RAM at start: 3.88 GiB
# peak memory: 0.11 GiB (PeakWorkingSet64 of the python process, sampled every 1 s; priority class seen: BelowNormal)
# wall time: 8.4 s (includes interpreter start and imports)
# exit code: 0
#
canonical initially-connected transition functions over {0,1}:
  k=1:          1   (of k^(2k) = 1)
  k=2:         12   (of k^(2k) = 16)
  k=3:        216   (of k^(2k) = 729)
  k=4:      5,248   (of k^(2k) = 65,536)
  k=5:    160,675   (of k^(2k) = 9,765,625)

    k=1: first unseparable pair at n=1: 0 / 1  (candidate group 2, unseparable class >= 2)
N(1) = 0   [0.0s, 0 functions in the certificate]  hardest pair at n=1: 0 / 1
    k=2: n= 1 separated by 1 functions (+1)  [0.0s]
    k=2: n= 2 separated by 3 functions (+2)  [0.0s]
    k=2: n= 3 separated by 5 functions (+2)  [0.0s]
    k=2: first unseparable pair at n=4: 0110 / 1010  (candidate group 3, unseparable class >= 2)
N(2) = 3   [0.0s, 5 functions in the certificate]  hardest pair at n=4: 0110 / 1010
    k=3: n= 1 separated by 5 functions (+0)  [0.0s]
    k=3: n= 2 separated by 5 functions (+0)  [0.0s]
    k=3: n= 3 separated by 5 functions (+0)  [0.0s]
    k=3: n= 4 separated by 7 functions (+2)  [0.0s]
    k=3: n= 5 separated by 8 functions (+1)  [0.0s]
    k=3: n= 6 separated by 10 functions (+2)  [0.0s]
    k=3: n= 7 separated by 13 functions (+3)  [0.0s]
    k=3: n= 8 separated by 16 functions (+3)  [0.0s]
    k=3: n= 9 separated by 20 functions (+4)  [0.0s]
    k=3: first unseparable pair at n=10: 1100000000 / 1111111100  (candidate group 3, unseparable class >= 2)
N(3) = 9   [0.1s, 20 functions in the certificate]  hardest pair at n=10: 1100000000 / 1111111100
    k=4: n= 1 separated by 20 functions (+0)  [0.0s]
    k=4: n= 2 separated by 20 functions (+0)  [0.0s]
    k=4: n= 3 separated by 20 functions (+0)  [0.0s]
    k=4: n= 4 separated by 20 functions (+0)  [0.0s]
    k=4: n= 5 separated by 20 functions (+0)  [0.0s]
    k=4: n= 6 separated by 20 functions (+0)  [0.0s]
    k=4: n= 7 separated by 20 functions (+0)  [0.0s]
    k=4: n= 8 separated by 20 functions (+0)  [0.0s]
    k=4: n= 9 separated by 20 functions (+0)  [0.0s]
    k=4: n=10 separated by 22 functions (+2)  [0.0s]
    k=4: n=11 separated by 24 functions (+2)  [0.0s]
    k=4: n=12 separated by 27 functions (+3)  [0.1s]
    k=4: n=13 separated by 29 functions (+2)  [0.1s]
    k=4: n=14 separated by 33 functions (+4)  [0.2s]
    k=4: n=15 separated by 36 functions (+3)  [0.1s]
    k=4: n=16 separated by 38 functions (+2)  [0.1s]
    k=4: n=17 separated by 42 functions (+4)  [0.1s]
    k=4: first unseparable pair at n=18: 111000000000000000 / 111111111111111000  (candidate group 2, unseparable class >= 2)
N(4) = 17   [0.9s, 42 functions in the certificate]  hardest pair at n=18: 111000000000000000 / 111111111111111000
    k=5: n= 1 separated by 42 functions (+0)  [0.0s]
    k=5: n= 2 separated by 42 functions (+0)  [0.0s]
    k=5: n= 3 separated by 42 functions (+0)  [0.0s]
    k=5: n= 4 separated by 42 functions (+0)  [0.0s]
    k=5: n= 5 separated by 42 functions (+0)  [0.0s]
    k=5: n= 6 separated by 42 functions (+0)  [0.0s]
    k=5: n= 7 separated by 42 functions (+0)  [0.0s]
    k=5: n= 8 separated by 42 functions (+0)  [0.0s]
    k=5: n= 9 separated by 42 functions (+0)  [0.0s]
    k=5: n=10 separated by 42 functions (+0)  [0.0s]
    k=5: n=11 separated by 42 functions (+0)  [0.0s]
    k=5: n=12 separated by 42 functions (+0)  [0.0s]
    k=5: n=13 separated by 42 functions (+0)  [0.0s]
    k=5: n=14 separated by 42 functions (+0)  [0.0s]
    k=5: n=15 separated by 42 functions (+0)  [0.0s]
    k=5: n=16 separated by 42 functions (+0)  [0.0s]
    k=5: n=17 separated by 42 functions (+0)  [0.1s]
    k=5: n=18 separated by 45 functions (+3)  [0.3s]
    k=5: n=19 separated by 47 functions (+2)  [0.4s]
    k=5: n=20 separated by 49 functions (+2)  [0.7s]
    k=5: n=21 separated by 52 functions (+3)  [1.3s]
    k=5: n=22 separated by 55 functions (+3)  [2.6s]
N(5) >= 22 (search capped at n=22)   [5.3s, 55 functions in the certificate]

n   sep(n)  witness pair (minK = sep(n))
1   2       0 / 1
2   2       00 / 10
3   2       000 / 100
4   3       0110 / 1010
5   3       01100 / 10100
6   3       011000 / 101000
7   3       0110000 / 1010000
8   3       01100000 / 10100000
9   3       011000000 / 101000000
10  4       1100000000 / 1111111100
11  4       11000000000 / 11111111000
12  4       110000000000 / 111111110000
13  4       1100000000000 / 1111111100000
14  4       11000000000000 / 11111111000000
15  4       110000000000000 / 111111110000000
16  4       1100000000000000 / 1111111100000000
17  4       11000000000000000 / 11111111000000000
18  5       111000000000000000 / 111111111111111000
19  5       1110000000000000000 / 1111111111111110000
20  5       11100000000000000000 / 11111111111111100000
21  5       111000000000000000000 / 111111111111111000000
22  5       1110000000000000000000 / 1111111111111110000000

sequence: 2, 2, 2, 3, 3, 3, 3, 3, 3, 4, 4, 4, 4, 4, 4, 4, 4, 5, 5, 5, 5, 5
total 6.8s

# command: python separate.py --nmax 22 --kmax 5
# cwd: computations/separating_words
# launched: cmd /c start "" /belownormal /wait /b cmd /c <batch file>; the exit code below is the batch file's %ERRORLEVEL% after python, because start /wait returns 0 regardless
# date: start 2026-09-14T10:33:30-04:00, end 2026-09-14T10:33:40-04:00
# git commit: fc43c5687e3212e8cecd26a540fb1f097abc31ed (no uncommitted changes to computations/separating_words/*.py)
# python: 3.14.3   numpy: 1.26.3   (C:\Python314\python.exe)
# machine: AMD Ryzen 7 7840HS w/ Radeon 780M Graphics, 27.8 GiB RAM, Microsoft Windows 11 Pro 10.0.26200
# free RAM at start: 3.72 GiB
# peak memory: 0.11 GiB (PeakWorkingSet64 of the python process, sampled every 1 s; priority class seen: BelowNormal)
# wall time: 9.5 s (includes interpreter start and imports)
# exit code: 0
#
canonical initially-connected transition functions over {0,1}:
  k=1:          1   (of k^(2k) = 1)
  k=2:         12   (of k^(2k) = 16)
  k=3:        216   (of k^(2k) = 729)
  k=4:      5,248   (of k^(2k) = 65,536)
  k=5:    160,675   (of k^(2k) = 9,765,625)

    k=1: first unseparable pair at n=1: 0 / 1  (candidate group 2, unseparable class >= 2)
N(1) = 0   [0.0s, 0 functions in the certificate]  hardest pair at n=1: 0 / 1
    k=2: n= 1 separated by 1 functions (+1)  [0.0s]
    k=2: n= 2 separated by 3 functions (+2)  [0.0s]
    k=2: n= 3 separated by 5 functions (+2)  [0.0s]
    k=2: first unseparable pair at n=4: 0110 / 1010  (candidate group 3, unseparable class >= 2)
N(2) = 3   [0.0s, 5 functions in the certificate]  hardest pair at n=4: 0110 / 1010
    k=3: n= 1 separated by 5 functions (+0)  [0.0s]
    k=3: n= 2 separated by 5 functions (+0)  [0.0s]
    k=3: n= 3 separated by 5 functions (+0)  [0.0s]
    k=3: n= 4 separated by 7 functions (+2)  [0.0s]
    k=3: n= 5 separated by 8 functions (+1)  [0.0s]
    k=3: n= 6 separated by 10 functions (+2)  [0.0s]
    k=3: n= 7 separated by 13 functions (+3)  [0.0s]
    k=3: n= 8 separated by 16 functions (+3)  [0.0s]
    k=3: n= 9 separated by 20 functions (+4)  [0.0s]
    k=3: first unseparable pair at n=10: 1100000000 / 1111111100  (candidate group 3, unseparable class >= 2)
N(3) = 9   [0.0s, 20 functions in the certificate]  hardest pair at n=10: 1100000000 / 1111111100
    k=4: n= 1 separated by 20 functions (+0)  [0.0s]
    k=4: n= 2 separated by 20 functions (+0)  [0.0s]
    k=4: n= 3 separated by 20 functions (+0)  [0.0s]
    k=4: n= 4 separated by 20 functions (+0)  [0.0s]
    k=4: n= 5 separated by 20 functions (+0)  [0.0s]
    k=4: n= 6 separated by 20 functions (+0)  [0.0s]
    k=4: n= 7 separated by 20 functions (+0)  [0.0s]
    k=4: n= 8 separated by 20 functions (+0)  [0.0s]
    k=4: n= 9 separated by 20 functions (+0)  [0.0s]
    k=4: n=10 separated by 22 functions (+2)  [0.1s]
    k=4: n=11 separated by 24 functions (+2)  [0.0s]
    k=4: n=12 separated by 27 functions (+3)  [0.1s]
    k=4: n=13 separated by 29 functions (+2)  [0.1s]
    k=4: n=14 separated by 33 functions (+4)  [0.1s]
    k=4: n=15 separated by 36 functions (+3)  [0.1s]
    k=4: n=16 separated by 38 functions (+2)  [0.1s]
    k=4: n=17 separated by 42 functions (+4)  [0.1s]
    k=4: first unseparable pair at n=18: 111000000000000000 / 111111111111111000  (candidate group 2, unseparable class >= 2)
N(4) = 17   [1.0s, 42 functions in the certificate]  hardest pair at n=18: 111000000000000000 / 111111111111111000
    k=5: n= 1 separated by 42 functions (+0)  [0.0s]
    k=5: n= 2 separated by 42 functions (+0)  [0.0s]
    k=5: n= 3 separated by 42 functions (+0)  [0.0s]
    k=5: n= 4 separated by 42 functions (+0)  [0.0s]
    k=5: n= 5 separated by 42 functions (+0)  [0.0s]
    k=5: n= 6 separated by 42 functions (+0)  [0.0s]
    k=5: n= 7 separated by 42 functions (+0)  [0.0s]
    k=5: n= 8 separated by 42 functions (+0)  [0.0s]
    k=5: n= 9 separated by 42 functions (+0)  [0.0s]
    k=5: n=10 separated by 42 functions (+0)  [0.0s]
    k=5: n=11 separated by 42 functions (+0)  [0.0s]
    k=5: n=12 separated by 42 functions (+0)  [0.0s]
    k=5: n=13 separated by 42 functions (+0)  [0.0s]
    k=5: n=14 separated by 42 functions (+0)  [0.0s]
    k=5: n=15 separated by 42 functions (+0)  [0.0s]
    k=5: n=16 separated by 42 functions (+0)  [0.0s]
    k=5: n=17 separated by 42 functions (+0)  [0.1s]
    k=5: n=18 separated by 44 functions (+2)  [0.3s]
    k=5: n=19 separated by 46 functions (+2)  [0.4s]
    k=5: n=20 separated by 49 functions (+3)  [0.9s]
    k=5: n=21 separated by 51 functions (+2)  [1.6s]
    k=5: n=22 separated by 54 functions (+3)  [2.7s]
N(5) >= 22 (search capped at n=22)   [6.0s, 54 functions in the certificate]

n   sep(n)  witness pair (minK = sep(n))
1   2       0 / 1
2   2       00 / 10
3   2       000 / 100
4   3       0110 / 1010
5   3       01100 / 10100
6   3       011000 / 101000
7   3       0110000 / 1010000
8   3       01100000 / 10100000
9   3       011000000 / 101000000
10  4       1100000000 / 1111111100
11  4       11000000000 / 11111111000
12  4       110000000000 / 111111110000
13  4       1100000000000 / 1111111100000
14  4       11000000000000 / 11111111000000
15  4       110000000000000 / 111111110000000
16  4       1100000000000000 / 1111111100000000
17  4       11000000000000000 / 11111111000000000
18  5       111000000000000000 / 111111111111111000
19  5       1110000000000000000 / 1111111111111110000
20  5       11100000000000000000 / 11111111111111100000
21  5       111000000000000000000 / 111111111111111000000
22  5       1110000000000000000000 / 1111111111111110000000

sequence: 2, 2, 2, 3, 3, 3, 3, 3, 3, 4, 4, 4, 4, 4, 4, 4, 4, 5, 5, 5, 5, 5
total 7.7s
