  L=945      15 moduli  no covering              48.8s   [49s total]
  L=1575     17 moduli  UNDECIDED (budget)       84.8s   [134s total]
  L=2205     17 moduli  no covering              17.3s   [151s total]
  L=2835     19 moduli  UNDECIDED (budget)      109.5s   [261s total]
  L=3465     23 moduli  UNDECIDED (budget)      130.2s   [391s total]
  L=4095     23 moduli  UNDECIDED (budget)      144.0s   [535s total]
  L=4725     23 moduli  UNDECIDED (budget)      159.7s   [695s total]
  L=5355     23 moduli  UNDECIDED (budget)      167.8s   [863s total]
  L=5775     23 moduli  UNDECIDED (budget)      160.3s   [1023s total]
  L=5985     23 moduli  UNDECIDED (budget)      178.1s   [1202s total]
  L=6435     23 moduli  UNDECIDED (budget)      168.5s   [1370s total]
  L=6615     23 moduli  UNDECIDED (budget)      208.1s   [1579s total]
  L=6825     23 moduli  UNDECIDED (budget)      179.1s   [1758s total]
  L=7245     23 moduli  UNDECIDED (budget)      224.2s   [1983s total]
  L=7425     23 moduli  UNDECIDED (budget)      197.2s   [2180s total]
  L=7875     23 moduli  UNDECIDED (budget)      230.4s   [2411s total]
  L=8085     23 moduli  UNDECIDED (budget)      180.8s   [2592s total]
  L=8415     23 moduli  UNDECIDED (budget)      204.3s   [2797s total]
  L=8505     23 moduli  UNDECIDED (budget)      228.9s   [3026s total]
  L=8925     23 moduli  UNDECIDED (budget)      205.8s   [3233s total]
  L=9135     23 moduli  UNDECIDED (budget)      234.0s   [3467s total]
  L=9555     23 moduli  UNDECIDED (budget)      213.7s   [3682s total]
  L=9765     23 moduli  UNDECIDED (budget)      241.7s   [3924s total]
  L=10395    31 moduli  UNDECIDED (budget)      277.0s   [4201s total]
  L=11025    26 moduli  UNDECIDED (budget)      284.9s   [4487s total]
  L=11655    23 moduli  UNDECIDED (budget)      282.2s   [4770s total]
  L=12285    31 moduli  UNDECIDED (budget)      314.9s   [5086s total]
  L=12705    23 moduli  UNDECIDED (budget)      244.6s   [5331s total]
  L=12915    23 moduli  UNDECIDED (budget)      300.4s   [5633s total]
  L=13545    23 moduli  UNDECIDED (budget)      304.9s   [5939s total]
  L=14175    29 moduli  UNDECIDED (budget)      362.9s   [6303s total]
  L=14805    23 moduli  UNDECIDED (budget)      326.4s   [6630s total]
  L=15015    31 moduli  UNDECIDED (budget)      281.8s   [6914s total]
  L=15435    23 moduli  UNDECIDED (budget)      217.0s   [7132s total]
  L=16065    31 moduli  UNDECIDED (budget)      386.7s   [7520s total]
  L=16695    23 moduli  UNDECIDED (budget)      343.9s   [7866s total]
  L=17325    35 moduli  UNDECIDED (budget)      398.6s   [8266s total]
  L=17955    31 moduli  UNDECIDED (budget)      656.9s   [8926s total]
  L=18585    23 moduli  UNDECIDED (budget)      854.4s   [9783s total]
  L=19215    23 moduli  UNDECIDED (budget)      923.0s   [10719s total]
  L=19305    31 moduli  UNDECIDED (budget)      567.3s   [11289s total]
  L=19635    31 moduli  UNDECIDED (budget)      581.2s   [11874s total]
  L=19845    29 moduli  UNDECIDED (budget)      984.3s   [12862s total]

admissible shapes L <= 20,000 (9|L or 15|L): 1,556
  killed by density, no search:    1,513
  proved impossible by SAT:        2
  undecided (conflict budget hit): 41
  odd covering systems found:      0
  undecided shapes: [1575, 2835, 3465, 4095, 4725, 5355, 5775, 5985, 6435, 6615, 6825, 7245, 7425, 7875, 8085, 8415, 8505, 8925, 9135, 9555, 9765, 10395, 11025, 11655, 12285, 12705, 12915, 13545, 14175, 14805, 15015, 15435, 16065, 16695, 17325, 17955, 18585, 19215, 19305, 19635, 19845]
  slowest decided: [(945, 48.8), (2205, 17.3)]
total 12862s
